// Jest Snapshot v1, https://goo.gl/fbAQLP

exports[` 1.- Pruebas en <GifGridItem />  - Debe de Mostrar <GifGridItem /> correctamente 1`] = `
<div
  className="card animate__animated animate__fadeIn"
>
  <img />
  <p>
     
    . 
  </p>
</div>
`;
